// Jest Snapshot v1, https://goo.gl/fbAQLP

exports[`Header Component should be a header 1`] = `
"
        <header class=\\"header\\">
            <nav>
                <a href=\\"/about\\">about</a>
            </nav>
        </header>"
`;

exports[`Section Component should be a header 1`] = `
"
        <section class=\\"section\\">
            undefined
        </section>"
`;

exports[`Section Component should be a section 1`] = `
"
        <section class=\\"section\\">
            undefined
        </section>"
`;
