// Jest Snapshot v1, https://goo.gl/fbAQLP

exports[`Footer Component should be a footer 1`] = `
"
    <footer>
      <h1>Contact</h1>
      <div class=\\"icons\\">
        
      <a id=\\"undefined\\">
        <i class=\\"undefined\\"></i>
      </a>
       
      <a id=\\"undefined\\">
        <i class=\\"undefined\\"></i>
      </a>
       
      <a id=\\"undefined\\">
        <i class=\\"undefined\\"></i>
      </a>
      
      </div>
    </footer>
    "
`;
