// Jest Snapshot v1, https://goo.gl/fbAQLP

exports[`Header Component should be a header 1`] = `
"
      <header class=\\"header\\">
        <nav>
          <a href=\\"/about\\">about</a> <a href=\\"/contact\\">contact</a> <a href=\\"/projects\\">projects</a> <a href=\\"/services\\">services</a>
        </nav>
      </header>
          "
`;
