// Jest Snapshot v1, https://goo.gl/fbAQLP

exports[`Header Component has finalized scaffolding/styling 1`] = `
"
      <header class=\\"header\\">
        <nav>
          <a href=\\"/heyoooooo\\">heyoooooo</a>
        </nav>
      </header>"
`;

exports[`Section Component has finalized scaffolding/styling 1`] = `
"
      <section class=\\"section\\">
        <h1>DURR HURR 'MURICA.</h1>
      </section>"
`;
