// Jest Snapshot v1, https://goo.gl/fbAQLP

exports[`Section Component has finalized scaffolding/styling 1`] = `
"
      <section class=\\"section\\">
      <h1>'Murica</h1>
        
        <div class=\\"image\\">
          <img src=\\"./src/assets/dummy2.jpg\\"></img> <img src=\\"./src/assets/dummy1.jpg\\"></img> <img src=\\"./src/assets/dummy3.png\\"></img>
        </div>
       
      </section>"
`;
